[
    {
        "header1":  "1",
        "header2":  "2",
        "header3":  "3",
        "header4":  "4"
    },
    {
        "header1":  "5",
        "header2":  "6",
        "header3":  "7",
        "header4":  "8"
    }
]
